<div class="{block:undefined}undefined{/block:undefined}"></div>
