<div class="{block:hasPage}foo{/block:hasPage}"><a class="{block:hasPage}bar{/block:hasPage}"></a></div>
