<a id="bar" class="{block:hasPage}foo{/block:hasPage}"></a>
