<div class="{block:VideoThumbnail}video{/block:VideoThumbnail}{block:Thumbnail}thumbnail{/block:Thumbnail}">{VideoThumbnailURL}</div>
