<div class="{block:VideoThumbnail}video{/block:VideoThumbnail}">{VideoThumbnailURL}</div>
