{block:HasPage}<li><a href="">foo</a></li>{/block:HasPage}
