{block:Video}<li class="video">{block:Caption}<a class="caption"></a>{/block:Caption}</li>{/block:Video}
